// Jest Snapshot v1, https://goo.gl/fbAQLP

exports[`테스트 1`] = `
<div>
  <div>
    div
  </div>
</div>
`;
